<html><head></head><body><h1>{{name}}</h1><ol style="list-style: none;"><li style="color: green;">one</li><li style="color: green;">two</li><li style="color: green;">three</li></ol></body></html>
