<html><head></head><body><h1 style="color: red; font-weight: bold;">Testing</h1><p>lorem ipsum</p></body></html>
